═══ RAW RCON DIAGNOSTICS ═══
Basic rcon.print: [hello from rcon
]
game.player: [nil
]
game.players: [player count: 1
]
connected_players: [connected: Cartman300
]
game.players[1]: [player[1]: Cartman300 at 19.33984375,-160.68359375
]
game version: [version: 2.0.76
]

═══ SERVICE METHOD RESULTS ═══
GetPlayerPosition: [{"x":19.33984375,"y":-160.68359375}
]
GetInventory: [{"items":[{"name":"iron-chest","count":1},{"name":"steel-chest","count":1},{"name":"transport-belt","count":20},{"name":"express-transport-belt","count":26},{"name":"express-underground-belt","count":12},{"name":"express-splitter","count":6},{"name":"express-loader","count":6},{"name":"burner-inserter","count":5},{"name":"small-electric-pole","count":54},{"name":"substation","count":10},{"name":"burner-mining-drill","count":7},{"name":"steam-turbine-miner","count":25},{"name":"stone-furnace","count":1},{"name":"wood","count":53},{"name":"coal","count":23},{"name":"stone","count":77},{"name":"iron-ore","count":6},{"name":"iron-plate","count":3},{"name":"steel-plate","count":1},{"name":"iron-gear-wheel","count":11},{"name":"pistol","count":1},{"name":"firearm-magazine","count":10},{"name":"boiler","count":1},{"name":"steam-engine","count":14},{"name":"pipe","count":38},{"name":"pipe-to-ground","count":36},{"name":"electric-energy-interface","count":10},{"name":"heat-interface","count":10},{"name":"infinity-chest","count":10},{"name":"infinity-pipe","count":10}],"total_slots":90,"free_slots":57}
]
GetNearbyEntities: [{"entities":[{"name":"medium-rock","x":17.9375,"y":-166.6875,"direction":"north"},{"name":"character","x":19.33984375,"y":-160.68359375,"direction":"south"}]}
]
GetResearchStatus: [{"researching":false}
]
GetGameTick: [{"tick":952691}
]
GetCraftingQueue: [{"queue":[]}
]
CheckDistance(0,0): [{"distance":161.8,"build_in_range":false,"build_limit":28,"reach_in_range":false,"reach_limit":28}
]

═══ DIAGNOSTICS COMPLETE ═══